[   12883ms] Error: Minified React error #425; visit https://react.dev/errors/425 for the full message or use the non-minified dev environment for full errors and additional helpful warnings.
    at sq (https://www.tremor.so/_next/static/chunks/2200cc46-44960ae4a224fabf.js?dpl=dpl_HNgBxhvh5SZCJAbDJ3ZX3eMffMCF:1:146769)
    at co (https://www.tremor.so/_next/static/chunks/2200cc46-44960ae4a224fabf.js?dpl=dpl_HNgBxhvh5SZCJAbDJ3ZX3eMffMCF:1:158783)
    at https://www.tremor.so/_next/static/chunks/2200cc46-44960ae4a224fabf.js?dpl=dpl_HNgBxhvh5SZCJAbDJ3ZX3eMffMCF:1:99420
    at iu (https://www.tremor.so/_next/static/chunks/2200cc46-44960ae4a224fabf.js?dpl=dpl_HNgBxhvh5SZCJAbDJ3ZX3eMffMCF:1:103871)
    at ia (https://www.tremor.so/_next/static/chunks/2200cc46-44960ae4a224fabf.js?dpl=dpl_HNgBxhvh5SZCJAbDJ3ZX3eMffMCF:1:95227)
    at https://www.tremor.so/_next/static/chunks/2200cc46-44960ae4a224fabf.js?dpl=dpl_HNgBxhvh5SZCJAbDJ3ZX3eMffMCF:1:91092
    at https://www.tremor.so/_next/static/chunks/2200cc46-44960ae4a224fabf.js?dpl=dpl_HNgBxhvh5SZCJAbDJ3ZX3eMffMCF:1:91099
    at oZ (https://www.tremor.so/_next/static/chunks/2200cc46-44960ae4a224fabf.js?dpl=dpl_HNgBxhvh5SZCJAbDJ3ZX3eMffMCF:1:91204)
    at MessagePort.M (https://www.tremor.so/_next/static/chunks/2945-f85a0addb1192bab.js?dpl=dpl_HNgBxhvh5SZCJAbDJ3ZX3eMffMCF:1:85499)
[   12896ms] Error: Minified React error #425; visit https://react.dev/errors/425 for the full message or use the non-minified dev environment for full errors and additional helpful warnings.
    at sq (https://www.tremor.so/_next/static/chunks/2200cc46-44960ae4a224fabf.js?dpl=dpl_HNgBxhvh5SZCJAbDJ3ZX3eMffMCF:1:146769)
    at co (https://www.tremor.so/_next/static/chunks/2200cc46-44960ae4a224fabf.js?dpl=dpl_HNgBxhvh5SZCJAbDJ3ZX3eMffMCF:1:158783)
    at https://www.tremor.so/_next/static/chunks/2200cc46-44960ae4a224fabf.js?dpl=dpl_HNgBxhvh5SZCJAbDJ3ZX3eMffMCF:1:99420
    at iu (https://www.tremor.so/_next/static/chunks/2200cc46-44960ae4a224fabf.js?dpl=dpl_HNgBxhvh5SZCJAbDJ3ZX3eMffMCF:1:103871)
    at ia (https://www.tremor.so/_next/static/chunks/2200cc46-44960ae4a224fabf.js?dpl=dpl_HNgBxhvh5SZCJAbDJ3ZX3eMffMCF:1:95227)
    at https://www.tremor.so/_next/static/chunks/2200cc46-44960ae4a224fabf.js?dpl=dpl_HNgBxhvh5SZCJAbDJ3ZX3eMffMCF:1:91092
    at https://www.tremor.so/_next/static/chunks/2200cc46-44960ae4a224fabf.js?dpl=dpl_HNgBxhvh5SZCJAbDJ3ZX3eMffMCF:1:91099
    at oZ (https://www.tremor.so/_next/static/chunks/2200cc46-44960ae4a224fabf.js?dpl=dpl_HNgBxhvh5SZCJAbDJ3ZX3eMffMCF:1:91204)
    at MessagePort.M (https://www.tremor.so/_next/static/chunks/2945-f85a0addb1192bab.js?dpl=dpl_HNgBxhvh5SZCJAbDJ3ZX3eMffMCF:1:85499)
[   12896ms] Error: Minified React error #425; visit https://react.dev/errors/425 for the full message or use the non-minified dev environment for full errors and additional helpful warnings.
    at sq (https://www.tremor.so/_next/static/chunks/2200cc46-44960ae4a224fabf.js?dpl=dpl_HNgBxhvh5SZCJAbDJ3ZX3eMffMCF:1:146769)
    at co (https://www.tremor.so/_next/static/chunks/2200cc46-44960ae4a224fabf.js?dpl=dpl_HNgBxhvh5SZCJAbDJ3ZX3eMffMCF:1:158783)
    at https://www.tremor.so/_next/static/chunks/2200cc46-44960ae4a224fabf.js?dpl=dpl_HNgBxhvh5SZCJAbDJ3ZX3eMffMCF:1:99420
    at iu (https://www.tremor.so/_next/static/chunks/2200cc46-44960ae4a224fabf.js?dpl=dpl_HNgBxhvh5SZCJAbDJ3ZX3eMffMCF:1:103871)
    at ia (https://www.tremor.so/_next/static/chunks/2200cc46-44960ae4a224fabf.js?dpl=dpl_HNgBxhvh5SZCJAbDJ3ZX3eMffMCF:1:95227)
    at https://www.tremor.so/_next/static/chunks/2200cc46-44960ae4a224fabf.js?dpl=dpl_HNgBxhvh5SZCJAbDJ3ZX3eMffMCF:1:91092
    at https://www.tremor.so/_next/static/chunks/2200cc46-44960ae4a224fabf.js?dpl=dpl_HNgBxhvh5SZCJAbDJ3ZX3eMffMCF:1:91099
    at oZ (https://www.tremor.so/_next/static/chunks/2200cc46-44960ae4a224fabf.js?dpl=dpl_HNgBxhvh5SZCJAbDJ3ZX3eMffMCF:1:91204)
    at MessagePort.M (https://www.tremor.so/_next/static/chunks/2945-f85a0addb1192bab.js?dpl=dpl_HNgBxhvh5SZCJAbDJ3ZX3eMffMCF:1:85499)
[   12896ms] Error: Minified React error #425; visit https://react.dev/errors/425 for the full message or use the non-minified dev environment for full errors and additional helpful warnings.
    at sq (https://www.tremor.so/_next/static/chunks/2200cc46-44960ae4a224fabf.js?dpl=dpl_HNgBxhvh5SZCJAbDJ3ZX3eMffMCF:1:146769)
    at co (https://www.tremor.so/_next/static/chunks/2200cc46-44960ae4a224fabf.js?dpl=dpl_HNgBxhvh5SZCJAbDJ3ZX3eMffMCF:1:158783)
    at https://www.tremor.so/_next/static/chunks/2200cc46-44960ae4a224fabf.js?dpl=dpl_HNgBxhvh5SZCJAbDJ3ZX3eMffMCF:1:99420
    at iu (https://www.tremor.so/_next/static/chunks/2200cc46-44960ae4a224fabf.js?dpl=dpl_HNgBxhvh5SZCJAbDJ3ZX3eMffMCF:1:103871)
    at ia (https://www.tremor.so/_next/static/chunks/2200cc46-44960ae4a224fabf.js?dpl=dpl_HNgBxhvh5SZCJAbDJ3ZX3eMffMCF:1:95227)
    at https://www.tremor.so/_next/static/chunks/2200cc46-44960ae4a224fabf.js?dpl=dpl_HNgBxhvh5SZCJAbDJ3ZX3eMffMCF:1:91092
    at https://www.tremor.so/_next/static/chunks/2200cc46-44960ae4a224fabf.js?dpl=dpl_HNgBxhvh5SZCJAbDJ3ZX3eMffMCF:1:91099
    at oZ (https://www.tremor.so/_next/static/chunks/2200cc46-44960ae4a224fabf.js?dpl=dpl_HNgBxhvh5SZCJAbDJ3ZX3eMffMCF:1:91204)
    at MessagePort.M (https://www.tremor.so/_next/static/chunks/2945-f85a0addb1192bab.js?dpl=dpl_HNgBxhvh5SZCJAbDJ3ZX3eMffMCF:1:85499)
[   12897ms] Error: Minified React error #425; visit https://react.dev/errors/425 for the full message or use the non-minified dev environment for full errors and additional helpful warnings.
    at sq (https://www.tremor.so/_next/static/chunks/2200cc46-44960ae4a224fabf.js?dpl=dpl_HNgBxhvh5SZCJAbDJ3ZX3eMffMCF:1:146769)
    at co (https://www.tremor.so/_next/static/chunks/2200cc46-44960ae4a224fabf.js?dpl=dpl_HNgBxhvh5SZCJAbDJ3ZX3eMffMCF:1:158783)
    at https://www.tremor.so/_next/static/chunks/2200cc46-44960ae4a224fabf.js?dpl=dpl_HNgBxhvh5SZCJAbDJ3ZX3eMffMCF:1:99420
    at iu (https://www.tremor.so/_next/static/chunks/2200cc46-44960ae4a224fabf.js?dpl=dpl_HNgBxhvh5SZCJAbDJ3ZX3eMffMCF:1:103871)
    at ia (https://www.tremor.so/_next/static/chunks/2200cc46-44960ae4a224fabf.js?dpl=dpl_HNgBxhvh5SZCJAbDJ3ZX3eMffMCF:1:95227)
    at https://www.tremor.so/_next/static/chunks/2200cc46-44960ae4a224fabf.js?dpl=dpl_HNgBxhvh5SZCJAbDJ3ZX3eMffMCF:1:91092
    at https://www.tremor.so/_next/static/chunks/2200cc46-44960ae4a224fabf.js?dpl=dpl_HNgBxhvh5SZCJAbDJ3ZX3eMffMCF:1:91099
    at oZ (https://www.tremor.so/_next/static/chunks/2200cc46-44960ae4a224fabf.js?dpl=dpl_HNgBxhvh5SZCJAbDJ3ZX3eMffMCF:1:91204)
    at MessagePort.M (https://www.tremor.so/_next/static/chunks/2945-f85a0addb1192bab.js?dpl=dpl_HNgBxhvh5SZCJAbDJ3ZX3eMffMCF:1:85499)
[   12897ms] Error: Minified React error #418; visit https://react.dev/errors/418 for the full message or use the non-minified dev environment for full errors and additional helpful warnings.
    at t5 (https://www.tremor.so/_next/static/chunks/2200cc46-44960ae4a224fabf.js?dpl=dpl_HNgBxhvh5SZCJAbDJ3ZX3eMffMCF:1:24674)
    at iZ (https://www.tremor.so/_next/static/chunks/2200cc46-44960ae4a224fabf.js?dpl=dpl_HNgBxhvh5SZCJAbDJ3ZX3eMffMCF:1:120615)
    at ia (https://www.tremor.so/_next/static/chunks/2200cc46-44960ae4a224fabf.js?dpl=dpl_HNgBxhvh5SZCJAbDJ3ZX3eMffMCF:1:95166)
    at https://www.tremor.so/_next/static/chunks/2200cc46-44960ae4a224fabf.js?dpl=dpl_HNgBxhvh5SZCJAbDJ3ZX3eMffMCF:1:91092
    at https://www.tremor.so/_next/static/chunks/2200cc46-44960ae4a224fabf.js?dpl=dpl_HNgBxhvh5SZCJAbDJ3ZX3eMffMCF:1:91099
    at oZ (https://www.tremor.so/_next/static/chunks/2200cc46-44960ae4a224fabf.js?dpl=dpl_HNgBxhvh5SZCJAbDJ3ZX3eMffMCF:1:91204)
    at MessagePort.M (https://www.tremor.so/_next/static/chunks/2945-f85a0addb1192bab.js?dpl=dpl_HNgBxhvh5SZCJAbDJ3ZX3eMffMCF:1:85499)
[   12897ms] Error: Minified React error #418; visit https://react.dev/errors/418 for the full message or use the non-minified dev environment for full errors and additional helpful warnings.
    at t5 (https://www.tremor.so/_next/static/chunks/2200cc46-44960ae4a224fabf.js?dpl=dpl_HNgBxhvh5SZCJAbDJ3ZX3eMffMCF:1:24674)
    at iZ (https://www.tremor.so/_next/static/chunks/2200cc46-44960ae4a224fabf.js?dpl=dpl_HNgBxhvh5SZCJAbDJ3ZX3eMffMCF:1:120615)
    at ia (https://www.tremor.so/_next/static/chunks/2200cc46-44960ae4a224fabf.js?dpl=dpl_HNgBxhvh5SZCJAbDJ3ZX3eMffMCF:1:95166)
    at https://www.tremor.so/_next/static/chunks/2200cc46-44960ae4a224fabf.js?dpl=dpl_HNgBxhvh5SZCJAbDJ3ZX3eMffMCF:1:91092
    at https://www.tremor.so/_next/static/chunks/2200cc46-44960ae4a224fabf.js?dpl=dpl_HNgBxhvh5SZCJAbDJ3ZX3eMffMCF:1:91099
    at oZ (https://www.tremor.so/_next/static/chunks/2200cc46-44960ae4a224fabf.js?dpl=dpl_HNgBxhvh5SZCJAbDJ3ZX3eMffMCF:1:91204)
    at MessagePort.M (https://www.tremor.so/_next/static/chunks/2945-f85a0addb1192bab.js?dpl=dpl_HNgBxhvh5SZCJAbDJ3ZX3eMffMCF:1:85499)
[   12897ms] Error: Minified React error #418; visit https://react.dev/errors/418 for the full message or use the non-minified dev environment for full errors and additional helpful warnings.
    at t5 (https://www.tremor.so/_next/static/chunks/2200cc46-44960ae4a224fabf.js?dpl=dpl_HNgBxhvh5SZCJAbDJ3ZX3eMffMCF:1:24674)
    at iZ (https://www.tremor.so/_next/static/chunks/2200cc46-44960ae4a224fabf.js?dpl=dpl_HNgBxhvh5SZCJAbDJ3ZX3eMffMCF:1:120539)
    at ia (https://www.tremor.so/_next/static/chunks/2200cc46-44960ae4a224fabf.js?dpl=dpl_HNgBxhvh5SZCJAbDJ3ZX3eMffMCF:1:95166)
    at https://www.tremor.so/_next/static/chunks/2200cc46-44960ae4a224fabf.js?dpl=dpl_HNgBxhvh5SZCJAbDJ3ZX3eMffMCF:1:91092
    at https://www.tremor.so/_next/static/chunks/2200cc46-44960ae4a224fabf.js?dpl=dpl_HNgBxhvh5SZCJAbDJ3ZX3eMffMCF:1:91099
    at oZ (https://www.tremor.so/_next/static/chunks/2200cc46-44960ae4a224fabf.js?dpl=dpl_HNgBxhvh5SZCJAbDJ3ZX3eMffMCF:1:91204)
    at MessagePort.M (https://www.tremor.so/_next/static/chunks/2945-f85a0addb1192bab.js?dpl=dpl_HNgBxhvh5SZCJAbDJ3ZX3eMffMCF:1:85499)
[   12897ms] Error: Minified React error #423; visit https://react.dev/errors/423 for the full message or use the non-minified dev environment for full errors and additional helpful warnings.
    at iZ (https://www.tremor.so/_next/static/chunks/2200cc46-44960ae4a224fabf.js?dpl=dpl_HNgBxhvh5SZCJAbDJ3ZX3eMffMCF:1:118353)
    at ia (https://www.tremor.so/_next/static/chunks/2200cc46-44960ae4a224fabf.js?dpl=dpl_HNgBxhvh5SZCJAbDJ3ZX3eMffMCF:1:95166)
    at https://www.tremor.so/_next/static/chunks/2200cc46-44960ae4a224fabf.js?dpl=dpl_HNgBxhvh5SZCJAbDJ3ZX3eMffMCF:1:94988
    at il (https://www.tremor.so/_next/static/chunks/2200cc46-44960ae4a224fabf.js?dpl=dpl_HNgBxhvh5SZCJAbDJ3ZX3eMffMCF:1:94995)
    at oJ (https://www.tremor.so/_next/static/chunks/2200cc46-44960ae4a224fabf.js?dpl=dpl_HNgBxhvh5SZCJAbDJ3ZX3eMffMCF:1:92351)
    at oZ (https://www.tremor.so/_next/static/chunks/2200cc46-44960ae4a224fabf.js?dpl=dpl_HNgBxhvh5SZCJAbDJ3ZX3eMffMCF:1:91770)
    at MessagePort.M (https://www.tremor.so/_next/static/chunks/2945-f85a0addb1192bab.js?dpl=dpl_HNgBxhvh5SZCJAbDJ3ZX3eMffMCF:1:85499)
