[    7626ms] [INFO] Successfully set dark color mode. @ https://reactbits.dev/assets/index-CJUNuZWO.js:207
[    9298ms] [WARNING] Failed to decode downloaded font: https://reactbits.dev/assets/css/geist/dist/fonts/geist-sans/Geist-Variable.woff2 @ https://reactbits.dev/:0
[    9298ms] [WARNING] OTS parsing error: invalid sfntVersion: 1008821359 @ https://reactbits.dev/:0
[    9298ms] [WARNING] Failed to decode downloaded font: https://reactbits.dev/assets/css/geist/dist/fonts/geist-sans/Geist-Variable.woff2 @ https://reactbits.dev/:0
[    9298ms] [WARNING] OTS parsing error: invalid sfntVersion: 1008821359 @ https://reactbits.dev/:0
[    9298ms] [WARNING] Failed to decode downloaded font: https://reactbits.dev/assets/css/geist/dist/fonts/geist-sans/Geist-Variable.woff2 @ https://reactbits.dev/:0
[    9298ms] [WARNING] OTS parsing error: invalid sfntVersion: 1008821359 @ https://reactbits.dev/:0
[    9298ms] [WARNING] Failed to decode downloaded font: https://reactbits.dev/assets/css/geist/dist/fonts/geist-sans/Geist-Variable.woff2 @ https://reactbits.dev/:0
[    9298ms] [WARNING] OTS parsing error: invalid sfntVersion: 1008821359 @ https://reactbits.dev/:0
[    9298ms] [WARNING] Failed to decode downloaded font: https://reactbits.dev/assets/css/geist/dist/fonts/geist-pixel/GeistPixel-Line.woff2 @ https://reactbits.dev/:0
[    9299ms] [WARNING] OTS parsing error: invalid sfntVersion: 1008821359 @ https://reactbits.dev/:0
[    9299ms] [WARNING] Failed to decode downloaded font: https://reactbits.dev/assets/css/geist/dist/fonts/geist-pixel/GeistPixel-Line.woff2 @ https://reactbits.dev/:0
[    9299ms] [WARNING] OTS parsing error: invalid sfntVersion: 1008821359 @ https://reactbits.dev/:0
[    9299ms] [WARNING] Failed to decode downloaded font: https://reactbits.dev/assets/css/geist/dist/fonts/geist-pixel/GeistPixel-Line.woff2 @ https://reactbits.dev/:0
[    9299ms] [WARNING] OTS parsing error: invalid sfntVersion: 1008821359 @ https://reactbits.dev/:0
[    9299ms] [WARNING] Failed to decode downloaded font: https://reactbits.dev/assets/css/geist/dist/fonts/geist-pixel/GeistPixel-Line.woff2 @ https://reactbits.dev/:0
[    9299ms] [WARNING] OTS parsing error: invalid sfntVersion: 1008821359 @ https://reactbits.dev/:0
[    9299ms] [WARNING] Failed to decode downloaded font: https://reactbits.dev/assets/css/geist/dist/fonts/geist-mono/GeistMono-Variable.woff2 @ https://reactbits.dev/:0
[    9299ms] [WARNING] OTS parsing error: invalid sfntVersion: 1008821359 @ https://reactbits.dev/:0
[    9299ms] [WARNING] Failed to decode downloaded font: https://reactbits.dev/assets/css/geist/dist/fonts/geist-mono/GeistMono-Variable.woff2 @ https://reactbits.dev/:0
[    9299ms] [WARNING] OTS parsing error: invalid sfntVersion: 1008821359 @ https://reactbits.dev/:0
[    9299ms] [WARNING] Failed to decode downloaded font: https://reactbits.dev/assets/css/geist/dist/fonts/geist-mono/GeistMono-Variable.woff2 @ https://reactbits.dev/:0
[    9299ms] [WARNING] OTS parsing error: invalid sfntVersion: 1008821359 @ https://reactbits.dev/:0
[    9299ms] [WARNING] Failed to decode downloaded font: https://reactbits.dev/assets/css/geist/dist/fonts/geist-mono/GeistMono-Variable.woff2 @ https://reactbits.dev/:0
[    9299ms] [WARNING] OTS parsing error: invalid sfntVersion: 1008821359 @ https://reactbits.dev/:0
[    9300ms] [WARNING] Failed to decode downloaded font: https://reactbits.dev/assets/css/geist/dist/fonts/geist-sans/Geist-Variable.woff2 @ https://reactbits.dev/:0
[    9300ms] [WARNING] OTS parsing error: invalid sfntVersion: 1008821359 @ https://reactbits.dev/:0
[    9300ms] [WARNING] Failed to decode downloaded font: https://reactbits.dev/assets/css/geist/dist/fonts/geist-mono/GeistMono-Variable.woff2 @ https://reactbits.dev/:0
[    9300ms] [WARNING] OTS parsing error: invalid sfntVersion: 1008821359 @ https://reactbits.dev/:0
[    9300ms] [WARNING] Failed to decode downloaded font: https://reactbits.dev/assets/css/geist/dist/fonts/geist-pixel/GeistPixel-Line.woff2 @ https://reactbits.dev/:0
[    9300ms] [WARNING] OTS parsing error: invalid sfntVersion: 1008821359 @ https://reactbits.dev/:0
