[    7145ms] Error: Minified React error #418; visit https://react.dev/errors/418 for the full message or use the non-minified dev environment for full errors and additional helpful warnings.
    at t5 (https://motion-primitives.com/_next/static/chunks/fd9d1056-efbb5f4a710e7b0a.js?dpl=dpl_5ReqQSw9QdQGA5AydDWjp433RVcy:1:24673)
    at iZ (https://motion-primitives.com/_next/static/chunks/fd9d1056-efbb5f4a710e7b0a.js?dpl=dpl_5ReqQSw9QdQGA5AydDWjp433RVcy:1:120614)
    at ia (https://motion-primitives.com/_next/static/chunks/fd9d1056-efbb5f4a710e7b0a.js?dpl=dpl_5ReqQSw9QdQGA5AydDWjp433RVcy:1:95165)
    at https://motion-primitives.com/_next/static/chunks/fd9d1056-efbb5f4a710e7b0a.js?dpl=dpl_5ReqQSw9QdQGA5AydDWjp433RVcy:1:91091
    at https://motion-primitives.com/_next/static/chunks/fd9d1056-efbb5f4a710e7b0a.js?dpl=dpl_5ReqQSw9QdQGA5AydDWjp433RVcy:1:91098
    at oZ (https://motion-primitives.com/_next/static/chunks/fd9d1056-efbb5f4a710e7b0a.js?dpl=dpl_5ReqQSw9QdQGA5AydDWjp433RVcy:1:91203)
    at MessagePort.M (https://motion-primitives.com/_next/static/chunks/2117-b21b3f03fc663a50.js?dpl=dpl_5ReqQSw9QdQGA5AydDWjp433RVcy:1:85493)
[    7145ms] Error: Minified React error #418; visit https://react.dev/errors/418 for the full message or use the non-minified dev environment for full errors and additional helpful warnings.
    at t5 (https://motion-primitives.com/_next/static/chunks/fd9d1056-efbb5f4a710e7b0a.js?dpl=dpl_5ReqQSw9QdQGA5AydDWjp433RVcy:1:24673)
    at iZ (https://motion-primitives.com/_next/static/chunks/fd9d1056-efbb5f4a710e7b0a.js?dpl=dpl_5ReqQSw9QdQGA5AydDWjp433RVcy:1:120614)
    at ia (https://motion-primitives.com/_next/static/chunks/fd9d1056-efbb5f4a710e7b0a.js?dpl=dpl_5ReqQSw9QdQGA5AydDWjp433RVcy:1:95165)
    at https://motion-primitives.com/_next/static/chunks/fd9d1056-efbb5f4a710e7b0a.js?dpl=dpl_5ReqQSw9QdQGA5AydDWjp433RVcy:1:91091
    at https://motion-primitives.com/_next/static/chunks/fd9d1056-efbb5f4a710e7b0a.js?dpl=dpl_5ReqQSw9QdQGA5AydDWjp433RVcy:1:91098
    at oZ (https://motion-primitives.com/_next/static/chunks/fd9d1056-efbb5f4a710e7b0a.js?dpl=dpl_5ReqQSw9QdQGA5AydDWjp433RVcy:1:91203)
    at MessagePort.M (https://motion-primitives.com/_next/static/chunks/2117-b21b3f03fc663a50.js?dpl=dpl_5ReqQSw9QdQGA5AydDWjp433RVcy:1:85493)
[    7145ms] Error: Minified React error #418; visit https://react.dev/errors/418 for the full message or use the non-minified dev environment for full errors and additional helpful warnings.
    at t5 (https://motion-primitives.com/_next/static/chunks/fd9d1056-efbb5f4a710e7b0a.js?dpl=dpl_5ReqQSw9QdQGA5AydDWjp433RVcy:1:24673)
    at iZ (https://motion-primitives.com/_next/static/chunks/fd9d1056-efbb5f4a710e7b0a.js?dpl=dpl_5ReqQSw9QdQGA5AydDWjp433RVcy:1:120614)
    at ia (https://motion-primitives.com/_next/static/chunks/fd9d1056-efbb5f4a710e7b0a.js?dpl=dpl_5ReqQSw9QdQGA5AydDWjp433RVcy:1:95165)
    at https://motion-primitives.com/_next/static/chunks/fd9d1056-efbb5f4a710e7b0a.js?dpl=dpl_5ReqQSw9QdQGA5AydDWjp433RVcy:1:91091
    at https://motion-primitives.com/_next/static/chunks/fd9d1056-efbb5f4a710e7b0a.js?dpl=dpl_5ReqQSw9QdQGA5AydDWjp433RVcy:1:91098
    at oZ (https://motion-primitives.com/_next/static/chunks/fd9d1056-efbb5f4a710e7b0a.js?dpl=dpl_5ReqQSw9QdQGA5AydDWjp433RVcy:1:91203)
    at MessagePort.M (https://motion-primitives.com/_next/static/chunks/2117-b21b3f03fc663a50.js?dpl=dpl_5ReqQSw9QdQGA5AydDWjp433RVcy:1:85493)
[    7145ms] Error: Minified React error #418; visit https://react.dev/errors/418 for the full message or use the non-minified dev environment for full errors and additional helpful warnings.
    at t5 (https://motion-primitives.com/_next/static/chunks/fd9d1056-efbb5f4a710e7b0a.js?dpl=dpl_5ReqQSw9QdQGA5AydDWjp433RVcy:1:24673)
    at iZ (https://motion-primitives.com/_next/static/chunks/fd9d1056-efbb5f4a710e7b0a.js?dpl=dpl_5ReqQSw9QdQGA5AydDWjp433RVcy:1:120614)
    at ia (https://motion-primitives.com/_next/static/chunks/fd9d1056-efbb5f4a710e7b0a.js?dpl=dpl_5ReqQSw9QdQGA5AydDWjp433RVcy:1:95165)
    at https://motion-primitives.com/_next/static/chunks/fd9d1056-efbb5f4a710e7b0a.js?dpl=dpl_5ReqQSw9QdQGA5AydDWjp433RVcy:1:91091
    at https://motion-primitives.com/_next/static/chunks/fd9d1056-efbb5f4a710e7b0a.js?dpl=dpl_5ReqQSw9QdQGA5AydDWjp433RVcy:1:91098
    at oZ (https://motion-primitives.com/_next/static/chunks/fd9d1056-efbb5f4a710e7b0a.js?dpl=dpl_5ReqQSw9QdQGA5AydDWjp433RVcy:1:91203)
    at MessagePort.M (https://motion-primitives.com/_next/static/chunks/2117-b21b3f03fc663a50.js?dpl=dpl_5ReqQSw9QdQGA5AydDWjp433RVcy:1:85493)
[    7145ms] Error: Minified React error #418; visit https://react.dev/errors/418 for the full message or use the non-minified dev environment for full errors and additional helpful warnings.
    at t5 (https://motion-primitives.com/_next/static/chunks/fd9d1056-efbb5f4a710e7b0a.js?dpl=dpl_5ReqQSw9QdQGA5AydDWjp433RVcy:1:24673)
    at iZ (https://motion-primitives.com/_next/static/chunks/fd9d1056-efbb5f4a710e7b0a.js?dpl=dpl_5ReqQSw9QdQGA5AydDWjp433RVcy:1:120538)
    at ia (https://motion-primitives.com/_next/static/chunks/fd9d1056-efbb5f4a710e7b0a.js?dpl=dpl_5ReqQSw9QdQGA5AydDWjp433RVcy:1:95165)
    at https://motion-primitives.com/_next/static/chunks/fd9d1056-efbb5f4a710e7b0a.js?dpl=dpl_5ReqQSw9QdQGA5AydDWjp433RVcy:1:91091
    at https://motion-primitives.com/_next/static/chunks/fd9d1056-efbb5f4a710e7b0a.js?dpl=dpl_5ReqQSw9QdQGA5AydDWjp433RVcy:1:91098
    at oZ (https://motion-primitives.com/_next/static/chunks/fd9d1056-efbb5f4a710e7b0a.js?dpl=dpl_5ReqQSw9QdQGA5AydDWjp433RVcy:1:91203)
    at MessagePort.M (https://motion-primitives.com/_next/static/chunks/2117-b21b3f03fc663a50.js?dpl=dpl_5ReqQSw9QdQGA5AydDWjp433RVcy:1:85493)
[    7145ms] Error: Minified React error #423; visit https://react.dev/errors/423 for the full message or use the non-minified dev environment for full errors and additional helpful warnings.
    at iZ (https://motion-primitives.com/_next/static/chunks/fd9d1056-efbb5f4a710e7b0a.js?dpl=dpl_5ReqQSw9QdQGA5AydDWjp433RVcy:1:118352)
    at ia (https://motion-primitives.com/_next/static/chunks/fd9d1056-efbb5f4a710e7b0a.js?dpl=dpl_5ReqQSw9QdQGA5AydDWjp433RVcy:1:95165)
    at https://motion-primitives.com/_next/static/chunks/fd9d1056-efbb5f4a710e7b0a.js?dpl=dpl_5ReqQSw9QdQGA5AydDWjp433RVcy:1:94987
    at il (https://motion-primitives.com/_next/static/chunks/fd9d1056-efbb5f4a710e7b0a.js?dpl=dpl_5ReqQSw9QdQGA5AydDWjp433RVcy:1:94994)
    at oJ (https://motion-primitives.com/_next/static/chunks/fd9d1056-efbb5f4a710e7b0a.js?dpl=dpl_5ReqQSw9QdQGA5AydDWjp433RVcy:1:92350)
    at oZ (https://motion-primitives.com/_next/static/chunks/fd9d1056-efbb5f4a710e7b0a.js?dpl=dpl_5ReqQSw9QdQGA5AydDWjp433RVcy:1:91769)
    at MessagePort.M (https://motion-primitives.com/_next/static/chunks/2117-b21b3f03fc663a50.js?dpl=dpl_5ReqQSw9QdQGA5AydDWjp433RVcy:1:85493)
